// Jest Snapshot v1, https://goo.gl/fbAQLP

exports[`accounts schema 1`] = `
Object {
  "_id": Any<ObjectID>,
  "balance": 1500.5,
  "name": "Bank card",
  "type": "ASSET",
  "userId": "user1",
}
`;
