// Jest Snapshot v1, https://goo.gl/fbAQLP

exports[`budget schema must return plan with periods and accounts 1`] = `
Object {
  "budgets": Object {
    "accounts": Array [
      Object {
        "id": "3",
        "name": "Food",
      },
      Object {
        "id": "4",
        "name": "Train",
      },
    ],
  },
}
`;

exports[`budget schema query budget must return budget for account 1`] = `
Object {
  "budget": Array [
    Object {
      "account": Object {
        "id": "3",
        "name": "Food",
      },
      "amount": 50,
      "date": "2018-05-21T00:00:00.000Z",
      "id": "1",
    },
    Object {
      "account": Object {
        "id": "3",
        "name": "Food",
      },
      "amount": 55,
      "date": "2018-05-10T00:00:00.000Z",
      "id": "2",
    },
    Object {
      "account": Object {
        "id": "3",
        "name": "Food",
      },
      "amount": 40,
      "date": "2018-06-21T00:00:00.000Z",
      "id": "3",
    },
    Object {
      "account": Object {
        "id": "3",
        "name": "Food",
      },
      "amount": 60,
      "date": "2018-06-10T00:00:00.000Z",
      "id": "4",
    },
  ],
}
`;
